// Jest Snapshot v1, https://goo.gl/fbAQLP

exports[` 1`] = `
<div
  className="MobileCompany"
>
  <div
    className="TableFilter"
  >
    <div
      className="Button"
    >
      <button
        onClick={[Function]}
        type="button"
      >
        Все
      </button>
    </div>
    <div
      className="Button"
    >
      <button
        onClick={[Function]}
        type="button"
      >
        Активные
      </button>
    </div>
    <div
      className="Button"
    >
      <button
        onClick={[Function]}
        type="button"
      >
        Заблокированные
      </button>
    </div>
  </div>
  <div
    className="TableData"
  >
    <table>
      <thead>
        <tr
          className="TableHeader"
        >
          <th>
            Фамилия
          </th>
          <th>
            Имя
          </th>
          <th>
            Отчество
          </th>
          <th>
            Баланс
          </th>
          <th>
            Статус
          </th>
          <th>
            Редактировать
          </th>
          <th>
            Удалить
          </th>
        </tr>
      </thead>
      <tbody>
        <tr
          className="TableLine"
        >
          <td>
            <span>
              Иванов
            </span>
          </td>
          <td>
            <span>
              Иван
            </span>
          </td>
          <td>
            <span>
              Иванович
            </span>
          </td>
          <td>
            <span>
              200
            </span>
          </td>
          <td
            style={
              Object {
                "backgroundColor": "lightgreen",
              }
            }
          >
            Active
          </td>
          <td
            onClick={[Function]}
          >
            <div
              className="Button"
            >
              <button
                type="button"
              >
                Редактировать
              </button>
            </div>
          </td>
          <td
            onClick={[Function]}
          >
            <div
              className="Button"
            >
              <button
                type="button"
              >
                Удалить
              </button>
            </div>
          </td>
        </tr>
        <tr
          className="TableLine"
        >
          <td>
            <span>
              Сидоров
            </span>
          </td>
          <td>
            <span>
              Сидор
            </span>
          </td>
          <td>
            <span>
              Сидорович
            </span>
          </td>
          <td>
            <span>
              250
            </span>
          </td>
          <td
            style={
              Object {
                "backgroundColor": "lightgreen",
              }
            }
          >
            Active
          </td>
          <td
            onClick={[Function]}
          >
            <div
              className="Button"
            >
              <button
                type="button"
              >
                Редактировать
              </button>
            </div>
          </td>
          <td
            onClick={[Function]}
          >
            <div
              className="Button"
            >
              <button
                type="button"
              >
                Удалить
              </button>
            </div>
          </td>
        </tr>
        <tr
          className="TableLine"
        >
          <td>
            <span>
              Петров
            </span>
          </td>
          <td>
            <span>
              Пётр
            </span>
          </td>
          <td>
            <span>
              Петрович
            </span>
          </td>
          <td>
            <span>
              180
            </span>
          </td>
          <td
            style={
              Object {
                "backgroundColor": "lightgreen",
              }
            }
          >
            Active
          </td>
          <td
            onClick={[Function]}
          >
            <div
              className="Button"
            >
              <button
                type="button"
              >
                Редактировать
              </button>
            </div>
          </td>
          <td
            onClick={[Function]}
          >
            <div
              className="Button"
            >
              <button
                type="button"
              >
                Удалить
              </button>
            </div>
          </td>
        </tr>
        <tr
          className="TableLine"
        >
          <td>
            <span>
              Григориев
            </span>
          </td>
          <td>
            <span>
              Григорий
            </span>
          </td>
          <td>
            <span>
              Григорьевич
            </span>
          </td>
          <td>
            <span>
              -220
            </span>
          </td>
          <td
            style={
              Object {
                "backgroundColor": "red",
              }
            }
          >
            Blocked
          </td>
          <td
            onClick={[Function]}
          >
            <div
              className="Button"
            >
              <button
                type="button"
              >
                Редактировать
              </button>
            </div>
          </td>
          <td
            onClick={[Function]}
          >
            <div
              className="Button"
            >
              <button
                type="button"
              >
                Удалить
              </button>
            </div>
          </td>
        </tr>
      </tbody>
    </table>
  </div>
  <div
    className="TableEditor"
    onClick={[Function]}
  >
    <div
      className="Button"
    >
      <button
        type="button"
      >
        Добавить клиента
      </button>
    </div>
  </div>
</div>
`;

exports[`работа кнопки "Добавить клиента" для добавления нового клиента в список "доступных" клиентов компании добавить еще одного нового клиента 1`] = `
<div
  className="MobileCompany"
>
  <div
    className="TableFilter"
  >
    <div
      className="Button"
    >
      <button
        onClick={[Function]}
        type="button"
      >
        Все
      </button>
    </div>
    <div
      className="Button"
    >
      <button
        onClick={[Function]}
        type="button"
      >
        Активные
      </button>
    </div>
    <div
      className="Button"
    >
      <button
        onClick={[Function]}
        type="button"
      >
        Заблокированные
      </button>
    </div>
  </div>
  <div
    className="TableData"
  >
    <table>
      <thead>
        <tr
          className="TableHeader"
        >
          <th>
            Фамилия
          </th>
          <th>
            Имя
          </th>
          <th>
            Отчество
          </th>
          <th>
            Баланс
          </th>
          <th>
            Статус
          </th>
          <th>
            Редактировать
          </th>
          <th>
            Удалить
          </th>
        </tr>
      </thead>
      <tbody>
        <tr
          className="TableLine"
        >
          <td>
            <span>
              Иванов
            </span>
          </td>
          <td>
            <span>
              Иван
            </span>
          </td>
          <td>
            <span>
              Иванович
            </span>
          </td>
          <td>
            <span>
              200
            </span>
          </td>
          <td
            style={
              Object {
                "backgroundColor": "lightgreen",
              }
            }
          >
            Active
          </td>
          <td
            onClick={[Function]}
          >
            <div
              className="Button"
            >
              <button
                type="button"
              >
                Редактировать
              </button>
            </div>
          </td>
          <td
            onClick={[Function]}
          >
            <div
              className="Button"
            >
              <button
                type="button"
              >
                Удалить
              </button>
            </div>
          </td>
        </tr>
        <tr
          className="TableLine"
        >
          <td>
            <span>
              Сидоров
            </span>
          </td>
          <td>
            <span>
              Сидор
            </span>
          </td>
          <td>
            <span>
              Сидорович
            </span>
          </td>
          <td>
            <span>
              250
            </span>
          </td>
          <td
            style={
              Object {
                "backgroundColor": "lightgreen",
              }
            }
          >
            Active
          </td>
          <td
            onClick={[Function]}
          >
            <div
              className="Button"
            >
              <button
                type="button"
              >
                Редактировать
              </button>
            </div>
          </td>
          <td
            onClick={[Function]}
          >
            <div
              className="Button"
            >
              <button
                type="button"
              >
                Удалить
              </button>
            </div>
          </td>
        </tr>
        <tr
          className="TableLine"
        >
          <td>
            <span>
              Петров
            </span>
          </td>
          <td>
            <span>
              Пётр
            </span>
          </td>
          <td>
            <span>
              Петрович
            </span>
          </td>
          <td>
            <span>
              180
            </span>
          </td>
          <td
            style={
              Object {
                "backgroundColor": "lightgreen",
              }
            }
          >
            Active
          </td>
          <td
            onClick={[Function]}
          >
            <div
              className="Button"
            >
              <button
                type="button"
              >
                Редактировать
              </button>
            </div>
          </td>
          <td
            onClick={[Function]}
          >
            <div
              className="Button"
            >
              <button
                type="button"
              >
                Удалить
              </button>
            </div>
          </td>
        </tr>
        <tr
          className="TableLine"
        >
          <td>
            <span>
              Григориев
            </span>
          </td>
          <td>
            <span>
              Григорий
            </span>
          </td>
          <td>
            <span>
              Григорьевич
            </span>
          </td>
          <td>
            <span>
              -220
            </span>
          </td>
          <td
            style={
              Object {
                "backgroundColor": "red",
              }
            }
          >
            Blocked
          </td>
          <td
            onClick={[Function]}
          >
            <div
              className="Button"
            >
              <button
                type="button"
              >
                Редактировать
              </button>
            </div>
          </td>
          <td
            onClick={[Function]}
          >
            <div
              className="Button"
            >
              <button
                type="button"
              >
                Удалить
              </button>
            </div>
          </td>
        </tr>
      </tbody>
    </table>
  </div>
  <div
    className="TableEditor"
    onClick={[Function]}
  >
    <div
      className="Button"
    >
      <button
        type="button"
      >
        Добавить клиента
      </button>
    </div>
  </div>
</div>
`;

exports[`работа кнопки "Добавить клиента" для добавления нового клиента в список "доступных" клиентов компании добавить еще одного нового клиента: addNewClientButton.test.js.snap 1`] = `
<div
  className="MobileCompany"
>
  <div
    className="TableFilter"
  >
    <div
      className="Button"
    >
      <button
        onClick={[Function]}
        type="button"
      >
        Все
      </button>
    </div>
    <div
      className="Button"
    >
      <button
        onClick={[Function]}
        type="button"
      >
        Активные
      </button>
    </div>
    <div
      className="Button"
    >
      <button
        onClick={[Function]}
        type="button"
      >
        Заблокированные
      </button>
    </div>
  </div>
  <div
    className="TableData"
  >
    <table>
      <thead>
        <tr
          className="TableHeader"
        >
          <th>
            Фамилия
          </th>
          <th>
            Имя
          </th>
          <th>
            Отчество
          </th>
          <th>
            Баланс
          </th>
          <th>
            Статус
          </th>
          <th>
            Редактировать
          </th>
          <th>
            Удалить
          </th>
        </tr>
      </thead>
      <tbody>
        <tr
          className="TableLine"
        >
          <td>
            <span>
              Иванов
            </span>
          </td>
          <td>
            <span>
              Иван
            </span>
          </td>
          <td>
            <span>
              Иванович
            </span>
          </td>
          <td>
            <span>
              200
            </span>
          </td>
          <td
            style={
              Object {
                "backgroundColor": "lightgreen",
              }
            }
          >
            Active
          </td>
          <td
            onClick={[Function]}
          >
            <div
              className="Button"
            >
              <button
                type="button"
              >
                Редактировать
              </button>
            </div>
          </td>
          <td
            onClick={[Function]}
          >
            <div
              className="Button"
            >
              <button
                type="button"
              >
                Удалить
              </button>
            </div>
          </td>
        </tr>
        <tr
          className="TableLine"
        >
          <td>
            <span>
              Сидоров
            </span>
          </td>
          <td>
            <span>
              Сидор
            </span>
          </td>
          <td>
            <span>
              Сидорович
            </span>
          </td>
          <td>
            <span>
              250
            </span>
          </td>
          <td
            style={
              Object {
                "backgroundColor": "lightgreen",
              }
            }
          >
            Active
          </td>
          <td
            onClick={[Function]}
          >
            <div
              className="Button"
            >
              <button
                type="button"
              >
                Редактировать
              </button>
            </div>
          </td>
          <td
            onClick={[Function]}
          >
            <div
              className="Button"
            >
              <button
                type="button"
              >
                Удалить
              </button>
            </div>
          </td>
        </tr>
        <tr
          className="TableLine"
        >
          <td>
            <span>
              Петров
            </span>
          </td>
          <td>
            <span>
              Пётр
            </span>
          </td>
          <td>
            <span>
              Петрович
            </span>
          </td>
          <td>
            <span>
              180
            </span>
          </td>
          <td
            style={
              Object {
                "backgroundColor": "lightgreen",
              }
            }
          >
            Active
          </td>
          <td
            onClick={[Function]}
          >
            <div
              className="Button"
            >
              <button
                type="button"
              >
                Редактировать
              </button>
            </div>
          </td>
          <td
            onClick={[Function]}
          >
            <div
              className="Button"
            >
              <button
                type="button"
              >
                Удалить
              </button>
            </div>
          </td>
        </tr>
        <tr
          className="TableLine"
        >
          <td>
            <span>
              Григориев
            </span>
          </td>
          <td>
            <span>
              Григорий
            </span>
          </td>
          <td>
            <span>
              Григорьевич
            </span>
          </td>
          <td>
            <span>
              -220
            </span>
          </td>
          <td
            style={
              Object {
                "backgroundColor": "red",
              }
            }
          >
            Blocked
          </td>
          <td
            onClick={[Function]}
          >
            <div
              className="Button"
            >
              <button
                type="button"
              >
                Редактировать
              </button>
            </div>
          </td>
          <td
            onClick={[Function]}
          >
            <div
              className="Button"
            >
              <button
                type="button"
              >
                Удалить
              </button>
            </div>
          </td>
        </tr>
      </tbody>
    </table>
  </div>
  <div
    className="TableEditor"
    onClick={[Function]}
  >
    <div
      className="Button"
    >
      <button
        type="button"
      >
        Добавить клиента
      </button>
    </div>
  </div>
</div>
`;

exports[`работа кнопки "Добавить клиента" для добавления нового клиента в список "доступных" клиентов компании добавить нового клиента 1`] = `
<div
  className="MobileCompany"
>
  <div
    className="TableFilter"
  >
    <div
      className="Button"
    >
      <button
        onClick={[Function]}
        type="button"
      >
        Все
      </button>
    </div>
    <div
      className="Button"
    >
      <button
        onClick={[Function]}
        type="button"
      >
        Активные
      </button>
    </div>
    <div
      className="Button"
    >
      <button
        onClick={[Function]}
        type="button"
      >
        Заблокированные
      </button>
    </div>
  </div>
  <div
    className="TableData"
  >
    <table>
      <thead>
        <tr
          className="TableHeader"
        >
          <th>
            Фамилия
          </th>
          <th>
            Имя
          </th>
          <th>
            Отчество
          </th>
          <th>
            Баланс
          </th>
          <th>
            Статус
          </th>
          <th>
            Редактировать
          </th>
          <th>
            Удалить
          </th>
        </tr>
      </thead>
      <tbody>
        <tr
          className="TableLine"
        >
          <td>
            <span>
              Иванов
            </span>
          </td>
          <td>
            <span>
              Иван
            </span>
          </td>
          <td>
            <span>
              Иванович
            </span>
          </td>
          <td>
            <span>
              200
            </span>
          </td>
          <td
            style={
              Object {
                "backgroundColor": "lightgreen",
              }
            }
          >
            Active
          </td>
          <td
            onClick={[Function]}
          >
            <div
              className="Button"
            >
              <button
                type="button"
              >
                Редактировать
              </button>
            </div>
          </td>
          <td
            onClick={[Function]}
          >
            <div
              className="Button"
            >
              <button
                type="button"
              >
                Удалить
              </button>
            </div>
          </td>
        </tr>
        <tr
          className="TableLine"
        >
          <td>
            <span>
              Сидоров
            </span>
          </td>
          <td>
            <span>
              Сидор
            </span>
          </td>
          <td>
            <span>
              Сидорович
            </span>
          </td>
          <td>
            <span>
              250
            </span>
          </td>
          <td
            style={
              Object {
                "backgroundColor": "lightgreen",
              }
            }
          >
            Active
          </td>
          <td
            onClick={[Function]}
          >
            <div
              className="Button"
            >
              <button
                type="button"
              >
                Редактировать
              </button>
            </div>
          </td>
          <td
            onClick={[Function]}
          >
            <div
              className="Button"
            >
              <button
                type="button"
              >
                Удалить
              </button>
            </div>
          </td>
        </tr>
        <tr
          className="TableLine"
        >
          <td>
            <span>
              Петров
            </span>
          </td>
          <td>
            <span>
              Пётр
            </span>
          </td>
          <td>
            <span>
              Петрович
            </span>
          </td>
          <td>
            <span>
              180
            </span>
          </td>
          <td
            style={
              Object {
                "backgroundColor": "lightgreen",
              }
            }
          >
            Active
          </td>
          <td
            onClick={[Function]}
          >
            <div
              className="Button"
            >
              <button
                type="button"
              >
                Редактировать
              </button>
            </div>
          </td>
          <td
            onClick={[Function]}
          >
            <div
              className="Button"
            >
              <button
                type="button"
              >
                Удалить
              </button>
            </div>
          </td>
        </tr>
        <tr
          className="TableLine"
        >
          <td>
            <span>
              Григориев
            </span>
          </td>
          <td>
            <span>
              Григорий
            </span>
          </td>
          <td>
            <span>
              Григорьевич
            </span>
          </td>
          <td>
            <span>
              -220
            </span>
          </td>
          <td
            style={
              Object {
                "backgroundColor": "red",
              }
            }
          >
            Blocked
          </td>
          <td
            onClick={[Function]}
          >
            <div
              className="Button"
            >
              <button
                type="button"
              >
                Редактировать
              </button>
            </div>
          </td>
          <td
            onClick={[Function]}
          >
            <div
              className="Button"
            >
              <button
                type="button"
              >
                Удалить
              </button>
            </div>
          </td>
        </tr>
      </tbody>
    </table>
  </div>
  <div
    className="TableEditor"
    onClick={[Function]}
  >
    <div
      className="Button"
    >
      <button
        type="button"
      >
        Добавить клиента
      </button>
    </div>
  </div>
</div>
`;

exports[`работа кнопки "Добавить клиента" для добавления нового клиента в список "доступных" клиентов компании добавить нового клиента: addNewClientButton.test.js.snap 1`] = `
<div
  className="MobileCompany"
>
  <div
    className="TableFilter"
  >
    <div
      className="Button"
    >
      <button
        onClick={[Function]}
        type="button"
      >
        Все
      </button>
    </div>
    <div
      className="Button"
    >
      <button
        onClick={[Function]}
        type="button"
      >
        Активные
      </button>
    </div>
    <div
      className="Button"
    >
      <button
        onClick={[Function]}
        type="button"
      >
        Заблокированные
      </button>
    </div>
  </div>
  <div
    className="TableData"
  >
    <table>
      <thead>
        <tr
          className="TableHeader"
        >
          <th>
            Фамилия
          </th>
          <th>
            Имя
          </th>
          <th>
            Отчество
          </th>
          <th>
            Баланс
          </th>
          <th>
            Статус
          </th>
          <th>
            Редактировать
          </th>
          <th>
            Удалить
          </th>
        </tr>
      </thead>
      <tbody>
        <tr
          className="TableLine"
        >
          <td>
            <span>
              Иванов
            </span>
          </td>
          <td>
            <span>
              Иван
            </span>
          </td>
          <td>
            <span>
              Иванович
            </span>
          </td>
          <td>
            <span>
              200
            </span>
          </td>
          <td
            style={
              Object {
                "backgroundColor": "lightgreen",
              }
            }
          >
            Active
          </td>
          <td
            onClick={[Function]}
          >
            <div
              className="Button"
            >
              <button
                type="button"
              >
                Редактировать
              </button>
            </div>
          </td>
          <td
            onClick={[Function]}
          >
            <div
              className="Button"
            >
              <button
                type="button"
              >
                Удалить
              </button>
            </div>
          </td>
        </tr>
        <tr
          className="TableLine"
        >
          <td>
            <span>
              Сидоров
            </span>
          </td>
          <td>
            <span>
              Сидор
            </span>
          </td>
          <td>
            <span>
              Сидорович
            </span>
          </td>
          <td>
            <span>
              250
            </span>
          </td>
          <td
            style={
              Object {
                "backgroundColor": "lightgreen",
              }
            }
          >
            Active
          </td>
          <td
            onClick={[Function]}
          >
            <div
              className="Button"
            >
              <button
                type="button"
              >
                Редактировать
              </button>
            </div>
          </td>
          <td
            onClick={[Function]}
          >
            <div
              className="Button"
            >
              <button
                type="button"
              >
                Удалить
              </button>
            </div>
          </td>
        </tr>
        <tr
          className="TableLine"
        >
          <td>
            <span>
              Петров
            </span>
          </td>
          <td>
            <span>
              Пётр
            </span>
          </td>
          <td>
            <span>
              Петрович
            </span>
          </td>
          <td>
            <span>
              180
            </span>
          </td>
          <td
            style={
              Object {
                "backgroundColor": "lightgreen",
              }
            }
          >
            Active
          </td>
          <td
            onClick={[Function]}
          >
            <div
              className="Button"
            >
              <button
                type="button"
              >
                Редактировать
              </button>
            </div>
          </td>
          <td
            onClick={[Function]}
          >
            <div
              className="Button"
            >
              <button
                type="button"
              >
                Удалить
              </button>
            </div>
          </td>
        </tr>
        <tr
          className="TableLine"
        >
          <td>
            <span>
              Григориев
            </span>
          </td>
          <td>
            <span>
              Григорий
            </span>
          </td>
          <td>
            <span>
              Григорьевич
            </span>
          </td>
          <td>
            <span>
              -220
            </span>
          </td>
          <td
            style={
              Object {
                "backgroundColor": "red",
              }
            }
          >
            Blocked
          </td>
          <td
            onClick={[Function]}
          >
            <div
              className="Button"
            >
              <button
                type="button"
              >
                Редактировать
              </button>
            </div>
          </td>
          <td
            onClick={[Function]}
          >
            <div
              className="Button"
            >
              <button
                type="button"
              >
                Удалить
              </button>
            </div>
          </td>
        </tr>
      </tbody>
    </table>
  </div>
  <div
    className="TableEditor"
    onClick={[Function]}
  >
    <div
      className="Button"
    >
      <button
        type="button"
      >
        Добавить клиента
      </button>
    </div>
  </div>
</div>
`;
